[P4] step 0: E = 0.9950
[P4] step 200: E = 0.4777
[P4] step 400: E = 0.3161
[P4] step 600: E = 0.2409
[P4] step 800: E = 0.1971
[P4] step 1000: E = 0.1681
[P4] step 1200: E = 0.1474
[P4] step 1400: E = 0.1318
[P4] eps = 0.0261, u' = 0.599, Re_lambda = 145.5
[P4] C_K fit (band 4.0-9.0) = 0.345, free slope = -1.258
[P4] a priori gaussian_d2    C_s = 0.0620 +/- 0.0006
[P4] a priori gaussian_d3    C_s = 0.0504 +/- 0.0006
[P4] a priori gaussian_d4    C_s = 0.0390 +/- 0.0006
[P4] a priori gaussian_d6    C_s = 0.0155 +/- 0.0006
[P4] dynamic C_s (snap 0) = -0.0004
[P4] dynamic C_s (snap 3) = -0.0004
[P4] dynamic C_s (snap 6) = -0.0004
[P4] dynamic C_s (snap 9) = -0.0004
[P4] dynamic C_s (snap 12) = -0.0004
[P4] dynamic C_s (snap 15) = -0.0004
[P4] dynamic C_s (snap 18) = -0.0004
[P4] dynamic C_s (snap 21) = -0.0004
[P4] wrote /home/z/my-project/build/research_col_smar/results/p4_dns_spectrum.csv
